test_ambiguous_json_and_incomplete_utf8_refuse_before_output (__main__.IndependentCalendarReceiving.test_ambiguous_json_and_incomplete_utf8_refuse_before_output) ... ok
test_blank_native_identity_context_stays_blank_and_supported (__main__.IndependentCalendarReceiving.test_blank_native_identity_context_stays_blank_and_supported) ... ok
test_caller_data_and_prepared_plan_do_not_change_each_other (__main__.IndependentCalendarReceiving.test_caller_data_and_prepared_plan_do_not_change_each_other) ... ok
test_cli_invalid_summary_does_not_create_output_or_change_saved_inputs (__main__.IndependentCalendarReceiving.test_cli_invalid_summary_does_not_create_output_or_change_saved_inputs) ... ok
test_cli_saved_files_filters_and_current_stamp_without_engine_or_state_write (__main__.IndependentCalendarReceiving.test_cli_saved_files_filters_and_current_stamp_without_engine_or_state_write) ... ok
test_distinct_declared_identity_components_do_not_collapse (__main__.IndependentCalendarReceiving.test_distinct_declared_identity_components_do_not_collapse) ... ok
test_exclusive_output_handles_actual_destination_race_and_cleanup (__main__.IndependentCalendarReceiving.test_exclusive_output_handles_actual_destination_race_and_cleanup) ... ok
test_export_timestamp_is_utc_and_distinct_from_report_time (__main__.IndependentCalendarReceiving.test_export_timestamp_is_utc_and_distinct_from_report_time) ... ok
test_filter_intersection_and_explicit_no_eligible_result (__main__.IndependentCalendarReceiving.test_filter_intersection_and_explicit_no_eligible_result) ... ok
test_identity_stable_across_date_timestamp_filter_and_report_order (__main__.IndependentCalendarReceiving.test_identity_stable_across_date_timestamp_filter_and_report_order) ... ok
test_invalid_recorded_dates_do_not_create_events (__main__.IndependentCalendarReceiving.test_invalid_recorded_dates_do_not_create_events) ... ok
test_missing_date_never_borrows_another_date (__main__.IndependentCalendarReceiving.test_missing_date_never_borrows_another_date) ... ok
test_original_evidence_details_notes_and_context_remain_inspectable (__main__.IndependentCalendarReceiving.test_original_evidence_details_notes_and_context_remain_inspectable) ... ok
test_recorded_dates_survive_dst_year_boundaries_and_process_zones (__main__.IndependentCalendarReceiving.test_recorded_dates_survive_dst_year_boundaries_and_process_zones) ... ok
test_selected_statuses_and_overlapping_exclusion_reasons (__main__.IndependentCalendarReceiving.test_selected_statuses_and_overlapping_exclusion_reasons) ... ok
test_unknown_duplicate_selected_keys_and_content_drift (__main__.IndependentCalendarReceiving.test_unknown_duplicate_selected_keys_and_content_drift) ... ok
test_unknown_staff_state_and_identity_mismatch_refuse (__main__.IndependentCalendarReceiving.test_unknown_staff_state_and_identity_mismatch_refuse) ... ok
test_utf8_octet_folding_and_text_injection_round_trip (__main__.IndependentCalendarReceiving.test_utf8_octet_folding_and_text_injection_round_trip) ... ok

----------------------------------------------------------------------
Ran 18 tests in 0.479s

OK
