2026-10-08T20:03:26.8734950Z Current runner version: '2.337.0'
2026-10-08T20:03:26.8762411Z ##[group]Runner Image Provisioner
2026-10-08T20:03:26.8763397Z Hosted Compute Agent
2026-10-08T20:03:26.8764007Z Version: 20261002.596
2026-10-08T20:03:26.8764635Z Commit: c3d12f3313a95f25162a1503be624f3b0617f8c0
2026-10-08T20:03:26.8765442Z Build Date: 2026-10-02T22:28:27Z
2026-10-08T20:03:26.8766134Z Worker ID: {6b006362-e1c4-4624-bf37-5b359e207416}
2026-10-08T20:03:26.8766814Z Region: westus3
2026-10-08T20:03:26.8767418Z Cloud: Azure
2026-10-08T20:03:26.8767981Z ##[endgroup]
2026-10-08T20:03:26.8769789Z ##[group]Operating System
2026-10-08T20:03:26.8770433Z Ubuntu
2026-10-08T20:03:26.8770975Z 24.04.5
2026-10-08T20:03:26.8771556Z LTS
2026-10-08T20:03:26.8772067Z ##[endgroup]
2026-10-08T20:03:26.8773181Z ##[group]Runner Image
2026-10-08T20:03:26.8773838Z Image: ubuntu-24.04
2026-10-08T20:03:26.8774404Z Version: 20261004.327.1
2026-10-08T20:03:26.8775732Z Included Software: https://github.com/actions/runner-images/blob/ubuntu24/20261004.327/images/ubuntu/Ubuntu2404-Readme.md
2026-10-08T20:03:26.8777358Z Image Release: https://github.com/actions/runner-images/releases/tag/ubuntu24%2F20261004.327
2026-10-08T20:03:26.8778341Z ##[endgroup]
2026-10-08T20:03:26.8779561Z ##[group]GITHUB_TOKEN Permissions
2026-10-08T20:03:26.8781537Z Contents: read
2026-10-08T20:03:26.8782500Z Metadata: read
2026-10-08T20:03:26.8783257Z Pages: write
2026-10-08T20:03:26.8783805Z ##[endgroup]
2026-10-08T20:03:26.8786100Z Secret source: Actions
2026-10-08T20:03:26.8787029Z Cache mode: read
2026-10-08T20:03:26.8787881Z Prepare workflow directory
2026-10-08T20:03:26.9162096Z Prepare all required actions
2026-10-08T20:03:26.9209380Z Getting action download info
2026-10-08T20:03:27.2125118Z Download action repository 'actions/deploy-pages@v5' (SHA:368f82528645a54fb793d4d04e342629a3f51346)
2026-10-08T20:03:28.2458851Z Complete job name: deploy
2026-10-08T20:03:28.3361515Z ##[group]Run actions/deploy-pages@v5
2026-10-08T20:03:28.3362848Z with:
2026-10-08T20:03:28.3367128Z   token: ***
2026-10-08T20:03:28.3367640Z   timeout: 600000
2026-10-08T20:03:28.3368119Z   error_count: 10
2026-10-08T20:03:28.3368609Z   reporting_interval: 5000
2026-10-08T20:03:28.3369179Z   artifact_name: github-pages
2026-10-08T20:03:28.3369740Z   preview: false
2026-10-08T20:03:28.3370474Z ##[endgroup]
2026-10-08T20:03:28.5516924Z (node:2179) [DEP0040] DeprecationWarning: The `punycode` module is deprecated. Please use a userland alternative instead.
2026-10-08T20:03:28.5519450Z (Use `node --trace-deprecation ...` to show where the warning was created)
2026-10-08T20:03:28.7794301Z Fetching artifact metadata for "github-pages" in this workflow run
2026-10-08T20:03:28.9933400Z Found 1 artifact(s)
2026-10-08T20:03:28.9947797Z Creating Pages deployment with payload:
2026-10-08T20:03:28.9948963Z {
2026-10-08T20:03:28.9949633Z 	"artifact_id": 11576021244,
2026-10-08T20:03:28.9950932Z 	"pages_build_version": "11e159f914617517e2322bdeb89de5e27007dcc5",
2026-10-08T20:03:29.0089974Z 	"oidc_token": "***"
2026-10-08T20:03:29.0090910Z }
2026-10-08T20:03:30.9252601Z Created deployment for 11e159f914617517e2322bdeb89de5e27007dcc5, ID: 11e159f914617517e2322bdeb89de5e27007dcc5
2026-10-08T20:03:35.7225324Z Getting Pages deployment status...
2026-10-08T20:03:36.0310691Z Current status: updating_pages
2026-10-08T20:03:42.4110345Z Getting Pages deployment status...
2026-10-08T20:03:42.6756262Z Reported success!
2026-10-08T20:03:42.7097264Z Evaluate and set environment url
2026-10-08T20:03:42.7103754Z Evaluated environment url: http://jacobmetoyer.com/workflow-checks/
2026-10-08T20:03:42.7105103Z Cleaning up orphan processes
