2026-10-08T20:03:11.2958546Z Current runner version: '2.337.0'
2026-10-08T20:03:11.2983486Z ##[group]Runner Image Provisioner
2026-10-08T20:03:11.2984499Z Hosted Compute Agent
2026-10-08T20:03:11.2985112Z Version: 20261002.596
2026-10-08T20:03:11.2985809Z Commit: c3d12f3313a95f25162a1503be624f3b0617f8c0
2026-10-08T20:03:11.2986589Z Build Date: 2026-10-02T22:28:27Z
2026-10-08T20:03:11.2987626Z Worker ID: {3ace0d68-f0eb-4c0e-ac9a-bce7de381351}
2026-10-08T20:03:11.2988481Z Region: westus
2026-10-08T20:03:11.2989031Z Cloud: Azure
2026-10-08T20:03:11.2989616Z ##[endgroup]
2026-10-08T20:03:11.2991317Z ##[group]Operating System
2026-10-08T20:03:11.2992006Z Ubuntu
2026-10-08T20:03:11.2993046Z 24.04.5
2026-10-08T20:03:11.2993604Z LTS
2026-10-08T20:03:11.2994121Z ##[endgroup]
2026-10-08T20:03:11.2994787Z ##[group]Runner Image
2026-10-08T20:03:11.2995400Z Image: ubuntu-24.04
2026-10-08T20:03:11.2996060Z Version: 20261004.327.1
2026-10-08T20:03:11.2997735Z Included Software: https://github.com/actions/runner-images/blob/ubuntu24/20261004.327/images/ubuntu/Ubuntu2404-Readme.md
2026-10-08T20:03:11.2999395Z Image Release: https://github.com/actions/runner-images/releases/tag/ubuntu24%2F20261004.327
2026-10-08T20:03:11.3000394Z ##[endgroup]
2026-10-08T20:03:11.3001585Z ##[group]GITHUB_TOKEN Permissions
2026-10-08T20:03:11.3003532Z Contents: read
2026-10-08T20:03:11.3004249Z Metadata: read
2026-10-08T20:03:11.3004830Z ##[endgroup]
2026-10-08T20:03:11.3007157Z Secret source: Actions
2026-10-08T20:03:11.3008283Z Cache mode: write
2026-10-08T20:03:11.3008966Z Prepare workflow directory
2026-10-08T20:03:11.3366465Z Prepare all required actions
2026-10-08T20:03:11.3415252Z Getting action download info
2026-10-08T20:03:11.6882000Z Download action repository 'actions/checkout@v4' (SHA:11d5960a326750d5838078e36cf38b85af677262)
2026-10-08T20:03:11.7827341Z Download action repository 'actions/setup-python@v5' (SHA:a26af69be951a213d495a4c3e4e4022e16d87065)
2026-10-08T20:03:11.9669932Z Complete job name: test (3.12)
2026-10-08T20:03:12.0455391Z ##[group]Run actions/checkout@v4
2026-10-08T20:03:12.0456300Z with:
2026-10-08T20:03:12.0457050Z   repository: Jacob-Met/workflow-checks
2026-10-08T20:03:12.0460992Z   token: ***
2026-10-08T20:03:12.0461440Z   ssh-strict: true
2026-10-08T20:03:12.0461889Z   ssh-user: git
2026-10-08T20:03:12.0462339Z   persist-credentials: true
2026-10-08T20:03:12.0462838Z   clean: true
2026-10-08T20:03:12.0463350Z   sparse-checkout-cone-mode: true
2026-10-08T20:03:12.0463880Z   fetch-depth: 1
2026-10-08T20:03:12.0464315Z   fetch-tags: false
2026-10-08T20:03:12.0464783Z   show-progress: true
2026-10-08T20:03:12.0465246Z   lfs: false
2026-10-08T20:03:12.0465672Z   submodules: false
2026-10-08T20:03:12.0466137Z   set-safe-directory: true
2026-10-08T20:03:12.0466799Z   allow-unsafe-pr-checkout: false
2026-10-08T20:03:12.0467610Z ##[endgroup]
2026-10-08T20:03:12.1531788Z Syncing repository: Jacob-Met/workflow-checks
2026-10-08T20:03:12.1534400Z ##[group]Getting Git version info
2026-10-08T20:03:12.1535810Z Working directory is '/home/runner/work/workflow-checks/workflow-checks'
2026-10-08T20:03:12.1537879Z [command]/usr/bin/git version
2026-10-08T20:03:12.1625617Z git version 2.55.0
2026-10-08T20:03:12.1664081Z ##[endgroup]
2026-10-08T20:03:12.1673372Z Temporarily overriding HOME='/home/runner/work/_temp/e1bde910-137e-485e-9e81-c005aa70f475' before making global git config changes
2026-10-08T20:03:12.1675771Z Adding repository directory to the temporary git global config as a safe directory
2026-10-08T20:03:12.1678051Z [command]/usr/bin/git config --global --add safe.directory /home/runner/work/workflow-checks/workflow-checks
2026-10-08T20:03:12.1737360Z Deleting the contents of '/home/runner/work/workflow-checks/workflow-checks'
2026-10-08T20:03:12.1741773Z ##[group]Initializing the repository
2026-10-08T20:03:12.1746956Z [command]/usr/bin/git init /home/runner/work/workflow-checks/workflow-checks
2026-10-08T20:03:12.1846147Z hint: Using 'master' as the name for the initial branch. This default branch name
2026-10-08T20:03:12.1848036Z hint: will change to "main" in Git 3.0. To configure the initial branch name
2026-10-08T20:03:12.1849334Z hint: to use in all of your new repositories, which will suppress this warning,
2026-10-08T20:03:12.1850094Z hint: call:
2026-10-08T20:03:12.1850513Z hint:
2026-10-08T20:03:12.1851059Z hint: 	git config --global init.defaultBranch <name>
2026-10-08T20:03:12.1851679Z hint:
2026-10-08T20:03:12.1852271Z hint: Names commonly chosen instead of 'master' are 'main', 'trunk' and
2026-10-08T20:03:12.1853195Z hint: 'development'. The just-created branch can be renamed via this command:
2026-10-08T20:03:12.1853938Z hint:
2026-10-08T20:03:12.1854367Z hint: 	git branch -m <name>
2026-10-08T20:03:12.1854846Z hint:
2026-10-08T20:03:12.1855483Z hint: Disable this message with "git config set advice.defaultBranchName false"
2026-10-08T20:03:12.1860125Z Initialized empty Git repository in /home/runner/work/workflow-checks/workflow-checks/.git/
2026-10-08T20:03:12.1871531Z [command]/usr/bin/git remote add origin https://github.com/Jacob-Met/workflow-checks
2026-10-08T20:03:12.1921011Z ##[endgroup]
2026-10-08T20:03:12.1922532Z ##[group]Disabling automatic garbage collection
2026-10-08T20:03:12.1925092Z [command]/usr/bin/git config --local gc.auto 0
2026-10-08T20:03:12.1958657Z ##[endgroup]
2026-10-08T20:03:12.1959925Z ##[group]Setting up auth
2026-10-08T20:03:12.1965076Z [command]/usr/bin/git config --local --name-only --get-regexp core\.sshCommand
2026-10-08T20:03:12.1999423Z [command]/usr/bin/git submodule foreach --recursive sh -c "git config --local --name-only --get-regexp 'core\.sshCommand' && git config --local --unset-all 'core.sshCommand' || :"
2026-10-08T20:03:12.2381012Z [command]/usr/bin/git config --local --name-only --get-regexp http\.https\:\/\/github\.com\/\.extraheader
2026-10-08T20:03:12.2423811Z [command]/usr/bin/git submodule foreach --recursive sh -c "git config --local --name-only --get-regexp 'http\.https\:\/\/github\.com\/\.extraheader' && git config --local --unset-all 'http.https://github.com/.extraheader' || :"
2026-10-08T20:03:12.2664256Z [command]/usr/bin/git config --local --name-only --get-regexp ^includeIf\.gitdir:
2026-10-08T20:03:12.2703176Z [command]/usr/bin/git submodule foreach --recursive git config --local --show-origin --name-only --get-regexp remote.origin.url
2026-10-08T20:03:12.2928503Z [command]/usr/bin/git config --local http.https://github.com/.extraheader AUTHORIZATION: basic ***
2026-10-08T20:03:12.2969557Z ##[endgroup]
2026-10-08T20:03:12.2970351Z ##[group]Fetching the repository
2026-10-08T20:03:12.2979261Z [command]/usr/bin/git -c protocol.version=2 fetch --no-tags --prune --no-recurse-submodules --depth=1 origin +11e159f914617517e2322bdeb89de5e27007dcc5:refs/remotes/origin/main
2026-10-08T20:03:14.0508618Z From https://github.com/Jacob-Met/workflow-checks
2026-10-08T20:03:14.0511122Z  * [new ref]         11e159f914617517e2322bdeb89de5e27007dcc5 -> origin/main
2026-10-08T20:03:14.0516859Z ##[endgroup]
2026-10-08T20:03:14.0519154Z ##[group]Determining the checkout info
2026-10-08T20:03:14.0521555Z ##[endgroup]
2026-10-08T20:03:14.0524407Z [command]/usr/bin/git sparse-checkout disable
2026-10-08T20:03:14.0583492Z [command]/usr/bin/git config --local --unset-all extensions.worktreeConfig
2026-10-08T20:03:14.0620736Z ##[group]Checking out the ref
2026-10-08T20:03:14.0626279Z [command]/usr/bin/git checkout --progress --force -B main refs/remotes/origin/main
2026-10-08T20:03:14.2023568Z Switched to a new branch 'main'
2026-10-08T20:03:14.2028719Z branch 'main' set up to track 'origin/main'.
2026-10-08T20:03:14.2044313Z ##[endgroup]
2026-10-08T20:03:14.2090077Z [command]/usr/bin/git log -1 --format=%H
2026-10-08T20:03:14.2119338Z 11e159f914617517e2322bdeb89de5e27007dcc5
2026-10-08T20:03:14.2530235Z ##[group]Run actions/setup-python@v5
2026-10-08T20:03:14.2531544Z with:
2026-10-08T20:03:14.2532452Z   python-version: 3.12
2026-10-08T20:03:14.2533568Z   check-latest: false
2026-10-08T20:03:14.2544359Z   token: ***
2026-10-08T20:03:14.2545358Z   update-environment: true
2026-10-08T20:03:14.2546501Z   allow-prereleases: false
2026-10-08T20:03:14.2548023Z   freethreaded: false
2026-10-08T20:03:14.2549015Z ##[endgroup]
2026-10-08T20:03:14.3897698Z ##[group]Installed versions
2026-10-08T20:03:14.4004105Z (node:2305) [DEP0040] DeprecationWarning: The `punycode` module is deprecated. Please use a userland alternative instead.
2026-10-08T20:03:14.4008607Z (Use `node --trace-deprecation ...` to show where the warning was created)
2026-10-08T20:03:14.4011461Z Successfully set up CPython (3.12.15)
2026-10-08T20:03:14.4014773Z ##[endgroup]
2026-10-08T20:03:14.4375085Z ##[group]Run python -m pip install pytest
2026-10-08T20:03:14.4378495Z [36;1mpython -m pip install pytest[0m
2026-10-08T20:03:14.4669171Z shell: /usr/bin/bash -e {0}
2026-10-08T20:03:14.4670419Z env:
2026-10-08T20:03:14.4671606Z   pythonLocation: /opt/hostedtoolcache/Python/3.12.15/x64
2026-10-08T20:03:14.4673603Z   PKG_CONFIG_PATH: /opt/hostedtoolcache/Python/3.12.15/x64/lib/pkgconfig
2026-10-08T20:03:14.4675597Z   Python_ROOT_DIR: /opt/hostedtoolcache/Python/3.12.15/x64
2026-10-08T20:03:14.4677678Z   Python2_ROOT_DIR: /opt/hostedtoolcache/Python/3.12.15/x64
2026-10-08T20:03:14.4679421Z   Python3_ROOT_DIR: /opt/hostedtoolcache/Python/3.12.15/x64
2026-10-08T20:03:14.4681169Z   LD_LIBRARY_PATH: /opt/hostedtoolcache/Python/3.12.15/x64/lib
2026-10-08T20:03:14.4682645Z ##[endgroup]
2026-10-08T20:03:15.3101854Z Collecting pytest
2026-10-08T20:03:15.3890346Z   Downloading pytest-9.1.1-py3-none-any.whl.metadata (7.6 kB)
2026-10-08T20:03:15.5388144Z Collecting iniconfig>=1.0.1 (from pytest)
2026-10-08T20:03:15.5504356Z   Downloading iniconfig-2.3.1-py3-none-any.whl.metadata (2.8 kB)
2026-10-08T20:03:15.5651852Z Collecting packaging>=22 (from pytest)
2026-10-08T20:03:15.5764288Z   Downloading packaging-26.3-py3-none-any.whl.metadata (3.5 kB)
2026-10-08T20:03:15.5885429Z Collecting pluggy<2,>=1.5 (from pytest)
2026-10-08T20:03:15.5995877Z   Downloading pluggy-1.6.0-py3-none-any.whl.metadata (4.8 kB)
2026-10-08T20:03:15.6174139Z Collecting pygments>=2.7.2 (from pytest)
2026-10-08T20:03:15.6289835Z   Downloading pygments-2.21.0-py3-none-any.whl.metadata (2.5 kB)
2026-10-08T20:03:15.6453499Z Downloading pytest-9.1.1-py3-none-any.whl (386 kB)
2026-10-08T20:03:15.6968141Z Downloading pluggy-1.6.0-py3-none-any.whl (20 kB)
2026-10-08T20:03:15.7102853Z Downloading iniconfig-2.3.1-py3-none-any.whl (7.6 kB)
2026-10-08T20:03:15.7254859Z Downloading packaging-26.3-py3-none-any.whl (129 kB)
2026-10-08T20:03:15.7397599Z Downloading pygments-2.21.0-py3-none-any.whl (1.3 MB)
2026-10-08T20:03:15.7717376Z    ━━━━━━━━━━━━━━━━━━━━━━━━━━━━━━━━━━━━━━━━ 1.3/1.3 MB 36.2 MB/s  0:00:00
2026-10-08T20:03:15.8276517Z Installing collected packages: pygments, pluggy, packaging, iniconfig, pytest
2026-10-08T20:03:17.0171739Z 
2026-10-08T20:03:17.0184726Z Successfully installed iniconfig-2.3.1 packaging-26.3 pluggy-1.6.0 pygments-2.21.0 pytest-9.1.1
2026-10-08T20:03:17.0712721Z ##[group]Run python -m pytest -q
2026-10-08T20:03:17.0713065Z [36;1mpython -m pytest -q[0m
2026-10-08T20:03:17.0780300Z shell: /usr/bin/bash -e {0}
2026-10-08T20:03:17.0780597Z env:
2026-10-08T20:03:17.0780885Z   pythonLocation: /opt/hostedtoolcache/Python/3.12.15/x64
2026-10-08T20:03:17.0781352Z   PKG_CONFIG_PATH: /opt/hostedtoolcache/Python/3.12.15/x64/lib/pkgconfig
2026-10-08T20:03:17.0781826Z   Python_ROOT_DIR: /opt/hostedtoolcache/Python/3.12.15/x64
2026-10-08T20:03:17.0782235Z   Python2_ROOT_DIR: /opt/hostedtoolcache/Python/3.12.15/x64
2026-10-08T20:03:17.0782646Z   Python3_ROOT_DIR: /opt/hostedtoolcache/Python/3.12.15/x64
2026-10-08T20:03:17.0783055Z   LD_LIBRARY_PATH: /opt/hostedtoolcache/Python/3.12.15/x64/lib
2026-10-08T20:03:17.0783418Z ##[endgroup]
2026-10-08T20:03:18.8482282Z ...................................................... [ 43%]
2026-10-08T20:03:31.6083850Z ................................................... [ 84%]
2026-10-08T20:03:37.3369341Z ....................                                      [100%]
2026-10-08T20:03:37.3369894Z 125 passed, 126 subtests passed in 19.77s
2026-10-08T20:03:37.3750272Z ##[group]Run python -m pytest -q
2026-10-08T20:03:37.3750795Z [36;1mpython -m pytest -q[0m
2026-10-08T20:03:37.3815445Z shell: /usr/bin/bash -e {0}
2026-10-08T20:03:37.3815689Z env:
2026-10-08T20:03:37.3815951Z   pythonLocation: /opt/hostedtoolcache/Python/3.12.15/x64
2026-10-08T20:03:37.3816394Z   PKG_CONFIG_PATH: /opt/hostedtoolcache/Python/3.12.15/x64/lib/pkgconfig
2026-10-08T20:03:37.3817218Z   Python_ROOT_DIR: /opt/hostedtoolcache/Python/3.12.15/x64
2026-10-08T20:03:37.3817612Z   Python2_ROOT_DIR: /opt/hostedtoolcache/Python/3.12.15/x64
2026-10-08T20:03:37.3817995Z   Python3_ROOT_DIR: /opt/hostedtoolcache/Python/3.12.15/x64
2026-10-08T20:03:37.3818382Z   LD_LIBRARY_PATH: /opt/hostedtoolcache/Python/3.12.15/x64/lib
2026-10-08T20:03:37.3818709Z ##[endgroup]
2026-10-08T20:03:39.8453479Z ..................s..................................................... [ 57%]
2026-10-08T20:03:43.2451661Z ......................................................                                              [100%]
2026-10-08T20:03:43.2452656Z 125 passed, 1 skipped, 45 subtests passed in 5.68s
2026-10-08T20:03:43.2839745Z ##[group]Run python -m pytest -q
2026-10-08T20:03:43.2840072Z [36;1mpython -m pytest -q[0m
2026-10-08T20:03:43.2903899Z shell: /usr/bin/bash -e {0}
2026-10-08T20:03:43.2904157Z env:
2026-10-08T20:03:43.2904421Z   pythonLocation: /opt/hostedtoolcache/Python/3.12.15/x64
2026-10-08T20:03:43.2904867Z   PKG_CONFIG_PATH: /opt/hostedtoolcache/Python/3.12.15/x64/lib/pkgconfig
2026-10-08T20:03:43.2905286Z   Python_ROOT_DIR: /opt/hostedtoolcache/Python/3.12.15/x64
2026-10-08T20:03:43.2905658Z   Python2_ROOT_DIR: /opt/hostedtoolcache/Python/3.12.15/x64
2026-10-08T20:03:43.2906034Z   Python3_ROOT_DIR: /opt/hostedtoolcache/Python/3.12.15/x64
2026-10-08T20:03:43.2906411Z   LD_LIBRARY_PATH: /opt/hostedtoolcache/Python/3.12.15/x64/lib
2026-10-08T20:03:43.2906965Z ##[endgroup]
2026-10-08T20:03:44.4344099Z ....................................... [ 24%]
2026-10-08T20:03:52.1870237Z ..........................................................................................................................                                               [100%]
2026-10-08T20:03:52.1871108Z 161 passed, 81 subtests passed in 8.71s
2026-10-08T20:03:52.2356006Z Post job cleanup.
2026-10-08T20:03:52.3608053Z (node:2821) [DEP0040] DeprecationWarning: The `punycode` module is deprecated. Please use a userland alternative instead.
2026-10-08T20:03:52.3608880Z (Use `node --trace-deprecation ...` to show where the warning was created)
2026-10-08T20:03:52.3857633Z Post job cleanup.
2026-10-08T20:03:52.4754486Z [command]/usr/bin/git version
2026-10-08T20:03:52.4798553Z git version 2.55.0
2026-10-08T20:03:52.4840259Z Temporarily overriding HOME='/home/runner/work/_temp/d8b13f71-9bb6-4062-973a-cfc70784b130' before making global git config changes
2026-10-08T20:03:52.4841614Z Adding repository directory to the temporary git global config as a safe directory
2026-10-08T20:03:52.4846687Z [command]/usr/bin/git config --global --add safe.directory /home/runner/work/workflow-checks/workflow-checks
2026-10-08T20:03:52.4887772Z [command]/usr/bin/git config --local --name-only --get-regexp core\.sshCommand
2026-10-08T20:03:52.4926056Z [command]/usr/bin/git submodule foreach --recursive sh -c "git config --local --name-only --get-regexp 'core\.sshCommand' && git config --local --unset-all 'core.sshCommand' || :"
2026-10-08T20:03:52.5196842Z [command]/usr/bin/git config --local --name-only --get-regexp http\.https\:\/\/github\.com\/\.extraheader
2026-10-08T20:03:52.5226396Z http.https://github.com/.extraheader
2026-10-08T20:03:52.5238830Z [command]/usr/bin/git config --local --unset-all http.https://github.com/.extraheader
2026-10-08T20:03:52.5338637Z [command]/usr/bin/git submodule foreach --recursive sh -c "git config --local --name-only --get-regexp 'http\.https\:\/\/github\.com\/\.extraheader' && git config --local --unset-all 'http.https://github.com/.extraheader' || :"
2026-10-08T20:03:52.5589082Z [command]/usr/bin/git config --local --name-only --get-regexp ^includeIf\.gitdir:
2026-10-08T20:03:52.5633090Z [command]/usr/bin/git submodule foreach --recursive git config --local --show-origin --name-only --get-regexp remote.origin.url
2026-10-08T20:03:52.6143771Z Cleaning up orphan processes
2026-10-08T20:03:52.6458073Z ##[warning]Node.js 20 is deprecated. The following actions target Node.js 20 but are being forced to run on Node.js 24: actions/checkout@v4, actions/setup-python@v5. For more information see: https://github.blog/changelog/2025-09-19-deprecation-of-node-20-on-github-actions-runners/
